Load Map - Wed Oct 06 10:44:00 EDT 2010

Main class:       Mybot2
Classes:          61
Interfaces:       3
Methods:          141
Constants:        94
Instance fields:  95
Static fields:    23
Static data size: 110
Code size:        8274
Start address:    8000
End address:      a051

80ea 80eb java.lang.Object.<init>()
80f0 8103 java.lang.Object.getClass()
810d 8121 java.lang.Object.clone()
812b 814f java.lang.Object.toString()
8254 8265 java.lang.Thread.run()
826a 8270 java.lang.Thread.setName(java.lang.String)
8274 829f java.lang.Thread.sleep(long)
82a3 82a8 java.lang.Thread.<clinit>()
82b6 82bc java.lang.Thread.<init>()
82c5 82dd java.lang.Thread.<init>(java.lang.Runnable)
82e1 8300 java.lang.Thread.<init>(java.lang.Runnable, java.lang.String)
830a 833a java.lang.Thread.toString()
833f 8344 java.lang.Thread.getName()
839e 83dd com.ridgesoft.intellibrain.StartupThread.run()
8429 8433 java.lang.String.createString(byte[])
8437 8446 java.lang.String.<init>(byte[], int)
844b 8456 java.lang.String.getBytes()
845a 846b java.lang.String.<init>()
846f 8484 java.lang.String.<init>(byte[])
8489 848f java.lang.String.length()
8494 84b6 java.lang.String.getBytes(int, int, byte[], int)
84ba 84ea java.lang.String.<init>(char[], int, int)
84ee 8518 java.lang.String.<init>(byte[], int, int)
851c 8521 java.lang.String.valueOf(java.lang.Object)
8526 8528 java.lang.String.toString()
85bc 86ba java.lang.Throwable.vmThrow(int)
86c6 86eb java.lang.Throwable.<init>()
86f8 879d java.lang.Throwable.printStackTrace()
87a1 87c8 java.lang.Throwable.<clinit>()
87d1 87d9 java.lang.Throwable.init()
87e5 8827 java.lang.Throwable.<init>(java.lang.String)
88cd 88d7 java.lang.InternalError.<init>()
88db 88e6 java.lang.InternalError.<init>(java.lang.String)
8915 891f java.lang.OutOfMemoryError.<init>()
8923 892e java.lang.OutOfMemoryError.<init>(java.lang.String)
895f 8969 java.lang.StackOverflowError.<init>()
896d 8978 java.lang.StackOverflowError.<init>(java.lang.String)
8d9a 8ff0 Mybot2.main(java.lang.String[])
9024 903a java.io.OutputStream.write(byte[])
9044 9045 java.io.OutputStream.flush()
904a 9068 java.io.OutputStream.write(byte[], int, int)
90a3 90ad java.io.FilterOutputStream.<init>(java.io.OutputStream)
90b2 90bb java.io.FilterOutputStream.write(byte[])
90c0 90c9 java.io.FilterOutputStream.write(int)
90ce 90d6 java.io.FilterOutputStream.flush()
90db 90e6 java.io.FilterOutputStream.write(byte[], int, int)
9119 9124 java.io.PrintStream.<init>(java.io.OutputStream)
9129 9133 java.io.PrintStream.println(java.lang.String)
9140 9157 java.io.PrintStream.print(java.lang.String)
9164 917e java.io.PrintStream.println()
91b8 91c7 com.ridgesoft.io.OutputStreamTee.<init>(java.io.OutputStream, java.io.OutputStream)
91db 91f4 com.ridgesoft.io.OutputStreamTee.write(byte[])
9208 9221 com.ridgesoft.io.OutputStreamTee.write(int)
9235 924c com.ridgesoft.io.OutputStreamTee.flush()
9260 927d com.ridgesoft.io.OutputStreamTee.write(byte[], int, int)
92cc 932f com.ridgesoft.io.DisplayOutputStream.<init>(com.ridgesoft.io.Display)
9333 9340 com.ridgesoft.io.DisplayOutputStream.<clinit>()
9345 934e com.ridgesoft.io.DisplayOutputStream.write(byte[])
9353 93a0 com.ridgesoft.io.DisplayOutputStream.write(int)
93a5 93d1 com.ridgesoft.io.DisplayOutputStream.flush()
93d6 93e2 com.ridgesoft.io.DisplayOutputStream.write(byte[], int, int)
93e6 9464 com.ridgesoft.io.DisplayOutputStream.scroll()
94ad 94b2 com.ridgesoft.vm.DebugOutputStream.<clinit>()
94b7 94c0 com.ridgesoft.vm.DebugOutputStream.write(byte[])
94c5 950e com.ridgesoft.vm.DebugOutputStream.write(int)
951b 953c com.ridgesoft.vm.DebugOutputStream.flush()
9541 954d com.ridgesoft.vm.DebugOutputStream.write(byte[], int, int)
9570 9574 com.ridgesoft.vm.VM.getDebugOutputStream()
9582 9591 com.ridgesoft.vm.VM.<clinit>()
959a 95a9 com.ridgesoft.vm.VM.isSet(int, int)
95ea 9601 com.ridgesoft.intellibrain.IntelliBrain.getOutputStream()
9605 969a com.ridgesoft.intellibrain.IntelliBrain.getDigitalIO(int)
969e 96b2 com.ridgesoft.intellibrain.IntelliBrain.getLcdDisplay()
96b6 96f9 com.ridgesoft.intellibrain.IntelliBrain.getServo(int)
96fd 97b8 com.ridgesoft.intellibrain.IntelliBrain.getPinPortData(byte)
97bc 97c3 com.ridgesoft.intellibrain.IntelliBrain.<clinit>()
97cf 9875 com.ridgesoft.intellibrain.IntelliBrain.initialize()
98a6 98ab java.lang.System.setOut(java.io.PrintStream)
98af 98b4 java.lang.System.setErr(java.io.PrintStream)
9914 9923 com.ridgesoft.intellibrain.IntelliBrainPinPort.<init>(com.ridgesoft.intellibrain.IntelliBrainPinPortData)
998f 99c8 com.ridgesoft.intellibrain.IntelliBrainDigitalIO.enablePulseMeasurement(boolean)
99cd 99f8 com.ridgesoft.intellibrain.IntelliBrainDigitalIO.pulse(int)
99fd 9a12 com.ridgesoft.intellibrain.IntelliBrainDigitalIO.readPulseDuration()
9a16 9a26 com.ridgesoft.intellibrain.IntelliBrainDigitalIO.<init>(com.ridgesoft.intellibrain.IntelliBrainPinPortData, boolean)
9a3a 9a42 com.ridgesoft.intellibrain.IntelliBrainDigitalIO.toString()
9a47 9a72 com.ridgesoft.intellibrain.IntelliBrainDigitalIO.isSet()
9aaf 9abb com.ridgesoft.intellibrain.IntelliBrainExpDigitalIO.<init>(com.ridgesoft.intellibrain.IntelliBrainPinPortData)
9b10 9b20 java.util.Random.<init>()
9b25 9b2c java.util.Random.nextInt()
9b31 9b50 java.util.Random.next(int)
9b86 9b90 com.ridgesoft.io.Display.print(int, java.lang.String)
9b95 9bc9 com.ridgesoft.io.Display.print(int, byte[])
9bce 9bd3 com.ridgesoft.io.Display.getWidth()
9bd8 9bdd com.ridgesoft.io.Display.getHeight()
9be1 9bf2 com.ridgesoft.io.Display.<init>(int, int)
9c2c 9c34 com.ridgesoft.intellibrain.IntelliBrainDisplay.<init>()
9c39 9c40 com.ridgesoft.intellibrain.IntelliBrainDisplay.printChar(int, int, byte)
9c7b 9c80 java.lang.Class.getName()
9c84 9c8e java.lang.Class.<init>(java.lang.String)
9cf6 9d11 java.lang.StringBuilder.<init>(java.lang.String)
9d16 9d3f java.lang.StringBuilder.append(java.lang.String)
9d44 9d55 java.lang.StringBuilder.toString()
9d5a 9d93 java.lang.StringBuilder.ensureCapacity(int)
9d98 9df3 java.lang.StringBuilder.append(int)
9df8 9e25 java.lang.StringBuilder.append(char[], int, int)
9e29 9e3b java.lang.StringBuilder.<init>()
9e40 9e52 java.lang.StringBuilder.append(boolean)
9e79 9ebd java.lang.Integer.toHexString(int)
9ec2 9eca java.lang.Integer.toString()
9ece 9edd java.lang.Integer.toString(int)
9f4c 9f6c com.ridgesoft.intellibrain.IntelliBrainPinPortData.<init>(byte, short, short, short, byte)
9fa3 9fae com.ridgesoft.intellibrain.IntelliBrainServo.<init>(int)
9fb3 9fbc com.ridgesoft.intellibrain.IntelliBrainServo.setPosition(int)
a036 a045 java.lang.Boolean.toString(boolean)
a04a a052 java.lang.Boolean.toString()
