Load Map - Wed Oct 06 09:50:24 EDT 2010

Main class:       MyBot
Classes:          59
Interfaces:       3
Methods:          137
Constants:        86
Instance fields:  94
Static fields:    23
Static data size: 108
Code size:        7720
Start address:    8000
End address:      9e27

80e8 80e9 java.lang.Object.<init>()
80ee 8101 java.lang.Object.getClass()
810b 811f java.lang.Object.clone()
8129 814d java.lang.Object.toString()
8234 8245 java.lang.Thread.run()
824a 8250 java.lang.Thread.setName(java.lang.String)
8254 827f java.lang.Thread.sleep(long)
8283 8288 java.lang.Thread.<clinit>()
8296 829c java.lang.Thread.<init>()
82a5 82bd java.lang.Thread.<init>(java.lang.Runnable)
82c1 82e0 java.lang.Thread.<init>(java.lang.Runnable, java.lang.String)
82ea 831a java.lang.Thread.toString()
831f 8324 java.lang.Thread.getName()
837e 83bd com.ridgesoft.intellibrain.StartupThread.run()
8409 8413 java.lang.String.createString(byte[])
8417 8426 java.lang.String.<init>(byte[], int)
842b 8436 java.lang.String.getBytes()
843a 844b java.lang.String.<init>()
844f 8464 java.lang.String.<init>(byte[])
8469 846f java.lang.String.length()
8474 8496 java.lang.String.getBytes(int, int, byte[], int)
849a 84ca java.lang.String.<init>(char[], int, int)
84ce 84f8 java.lang.String.<init>(byte[], int, int)
84fc 8501 java.lang.String.valueOf(java.lang.Object)
8506 8508 java.lang.String.toString()
859c 869a java.lang.Throwable.vmThrow(int)
86a6 86cb java.lang.Throwable.<init>()
86d8 877d java.lang.Throwable.printStackTrace()
8781 87a8 java.lang.Throwable.<clinit>()
87b1 87b9 java.lang.Throwable.init()
87c5 8807 java.lang.Throwable.<init>(java.lang.String)
88ad 88b7 java.lang.InternalError.<init>()
88bb 88c6 java.lang.InternalError.<init>(java.lang.String)
88f5 88ff java.lang.OutOfMemoryError.<init>()
8903 890e java.lang.OutOfMemoryError.<init>(java.lang.String)
893f 8949 java.lang.StackOverflowError.<init>()
894d 8958 java.lang.StackOverflowError.<init>(java.lang.String)
8d55 8e60 MyBot.main(java.lang.String[])
8e94 8eaa java.io.OutputStream.write(byte[])
8eb4 8eb5 java.io.OutputStream.flush()
8eba 8ed8 java.io.OutputStream.write(byte[], int, int)
8f13 8f1d java.io.FilterOutputStream.<init>(java.io.OutputStream)
8f22 8f2b java.io.FilterOutputStream.write(byte[])
8f30 8f39 java.io.FilterOutputStream.write(int)
8f3e 8f46 java.io.FilterOutputStream.flush()
8f4b 8f56 java.io.FilterOutputStream.write(byte[], int, int)
8f89 8f94 java.io.PrintStream.<init>(java.io.OutputStream)
8f99 8fa3 java.io.PrintStream.println(java.lang.String)
8fb0 8fc7 java.io.PrintStream.print(java.lang.String)
8fd4 8fee java.io.PrintStream.println()
9028 9037 com.ridgesoft.io.OutputStreamTee.<init>(java.io.OutputStream, java.io.OutputStream)
904b 9064 com.ridgesoft.io.OutputStreamTee.write(byte[])
9078 9091 com.ridgesoft.io.OutputStreamTee.write(int)
90a5 90bc com.ridgesoft.io.OutputStreamTee.flush()
90d0 90ed com.ridgesoft.io.OutputStreamTee.write(byte[], int, int)
913c 919f com.ridgesoft.io.DisplayOutputStream.<init>(com.ridgesoft.io.Display)
91a3 91b0 com.ridgesoft.io.DisplayOutputStream.<clinit>()
91b5 91be com.ridgesoft.io.DisplayOutputStream.write(byte[])
91c3 9210 com.ridgesoft.io.DisplayOutputStream.write(int)
9215 9241 com.ridgesoft.io.DisplayOutputStream.flush()
9246 9252 com.ridgesoft.io.DisplayOutputStream.write(byte[], int, int)
9256 92d4 com.ridgesoft.io.DisplayOutputStream.scroll()
931d 9322 com.ridgesoft.vm.DebugOutputStream.<clinit>()
9327 9330 com.ridgesoft.vm.DebugOutputStream.write(byte[])
9335 937e com.ridgesoft.vm.DebugOutputStream.write(int)
938b 93ac com.ridgesoft.vm.DebugOutputStream.flush()
93b1 93bd com.ridgesoft.vm.DebugOutputStream.write(byte[], int, int)
93e0 93e4 com.ridgesoft.vm.VM.getDebugOutputStream()
93f2 9401 com.ridgesoft.vm.VM.<clinit>()
940a 9419 com.ridgesoft.vm.VM.isSet(int, int)
945a 9471 com.ridgesoft.intellibrain.IntelliBrain.getOutputStream()
9475 9489 com.ridgesoft.intellibrain.IntelliBrain.getLcdDisplay()
948d 94d0 com.ridgesoft.intellibrain.IntelliBrain.getServo(int)
94d4 9569 com.ridgesoft.intellibrain.IntelliBrain.getDigitalIO(int)
956d 9628 com.ridgesoft.intellibrain.IntelliBrain.getPinPortData(byte)
962c 9633 com.ridgesoft.intellibrain.IntelliBrain.<clinit>()
963f 96e5 com.ridgesoft.intellibrain.IntelliBrain.initialize()
9716 971b java.lang.System.setOut(java.io.PrintStream)
971f 9724 java.lang.System.setErr(java.io.PrintStream)
9783 978d com.ridgesoft.io.Display.print(int, java.lang.String)
9792 97c6 com.ridgesoft.io.Display.print(int, byte[])
97cb 97d0 com.ridgesoft.io.Display.getWidth()
97d5 97da com.ridgesoft.io.Display.getHeight()
97de 97ef com.ridgesoft.io.Display.<init>(int, int)
9829 9831 com.ridgesoft.intellibrain.IntelliBrainDisplay.<init>()
9836 983d com.ridgesoft.intellibrain.IntelliBrainDisplay.printChar(int, int, byte)
9874 9883 com.ridgesoft.intellibrain.IntelliBrainPinPort.<init>(com.ridgesoft.intellibrain.IntelliBrainPinPortData)
98ef 9928 com.ridgesoft.intellibrain.IntelliBrainDigitalIO.enablePulseMeasurement(boolean)
992d 9958 com.ridgesoft.intellibrain.IntelliBrainDigitalIO.pulse(int)
995d 9972 com.ridgesoft.intellibrain.IntelliBrainDigitalIO.readPulseDuration()
9976 9986 com.ridgesoft.intellibrain.IntelliBrainDigitalIO.<init>(com.ridgesoft.intellibrain.IntelliBrainPinPortData, boolean)
999a 99a2 com.ridgesoft.intellibrain.IntelliBrainDigitalIO.toString()
99a7 99d2 com.ridgesoft.intellibrain.IntelliBrainDigitalIO.isSet()
9a0f 9a1b com.ridgesoft.intellibrain.IntelliBrainExpDigitalIO.<init>(com.ridgesoft.intellibrain.IntelliBrainPinPortData)
9a51 9a56 java.lang.Class.getName()
9a5a 9a64 java.lang.Class.<init>(java.lang.String)
9acc 9ae7 java.lang.StringBuilder.<init>(java.lang.String)
9aec 9b15 java.lang.StringBuilder.append(java.lang.String)
9b1a 9b2b java.lang.StringBuilder.toString()
9b30 9b69 java.lang.StringBuilder.ensureCapacity(int)
9b6e 9bc9 java.lang.StringBuilder.append(int)
9bce 9bfb java.lang.StringBuilder.append(char[], int, int)
9bff 9c11 java.lang.StringBuilder.<init>()
9c16 9c28 java.lang.StringBuilder.append(boolean)
9c4f 9c93 java.lang.Integer.toHexString(int)
9c98 9ca0 java.lang.Integer.toString()
9ca4 9cb3 java.lang.Integer.toString(int)
9cea 9cf5 com.ridgesoft.intellibrain.IntelliBrainServo.<init>(int)
9cfa 9d03 com.ridgesoft.intellibrain.IntelliBrainServo.setPosition(int)
9da6 9dc6 com.ridgesoft.intellibrain.IntelliBrainPinPortData.<init>(byte, short, short, short, byte)
9e0c 9e1b java.lang.Boolean.toString(boolean)
9e20 9e28 java.lang.Boolean.toString()
